
> frontend@0.0.0 build
> tsc -b && vite build

src/pages/MiPerfil.tsx(331,21): error TS6133: 'accentColor' is declared but its value is never read.
