top=halfShaved, top=shortDreads1, top=shortDreads2, top=shaved1, top=winterHat2, top=winterHat3, top=winterHat4, eyes=close, eyes=dizzy, mouth=smirk
